******************************************************************************
                  MSP430 Linker PC v4.3.5                      
******************************************************************************
>> Linked Mon Nov 24 19:15:19 2014

OUTPUT FILE NAME:   <MS5541.out>
ENTRY POINT SYMBOL: "_c_int00"  address: 0000c82e


MEMORY CONFIGURATION

         name            origin    length      used     unused   attr    fill
----------------------  --------  ---------  --------  --------  ----  --------
  SFR                   00000000   00000010  00000000  00000010  RWIX
  PERIPHERALS_8BIT      00000010   000000f0  00000000  000000f0  RWIX
  PERIPHERALS_16BIT     00000100   00000100  00000000  00000100  RWIX
  RAM                   00000200   00000200  000000c4  0000013c  RWIX
  INFOD                 00001000   00000040  00000000  00000040  RWIX
  INFOC                 00001040   00000040  00000000  00000040  RWIX
  INFOB                 00001080   00000040  00000000  00000040  RWIX
  INFOA                 000010c0   00000040  00000000  00000040  RWIX
  FLASH                 0000c000   00003fe0  000008e0  00003700  RWIX
  INT00                 0000ffe0   00000002  00000002  00000000  RWIX
  INT01                 0000ffe2   00000002  00000000  00000002  RWIX
  INT02                 0000ffe4   00000002  00000002  00000000  RWIX
  INT03                 0000ffe6   00000002  00000002  00000000  RWIX
  INT04                 0000ffe8   00000002  00000000  00000002  RWIX
  INT05                 0000ffea   00000002  00000002  00000000  RWIX
  INT06                 0000ffec   00000002  00000002  00000000  RWIX
  INT07                 0000ffee   00000002  00000002  00000000  RWIX
  INT08                 0000fff0   00000002  00000002  00000000  RWIX
  INT09                 0000fff2   00000002  00000002  00000000  RWIX
  INT10                 0000fff4   00000002  00000002  00000000  RWIX
  INT11                 0000fff6   00000002  00000002  00000000  RWIX
  INT12                 0000fff8   00000002  00000002  00000000  RWIX
  INT13                 0000fffa   00000002  00000002  00000000  RWIX
  INT14                 0000fffc   00000002  00000002  00000000  RWIX
  RESET                 0000fffe   00000002  00000002  00000000  RWIX


SECTION ALLOCATION MAP

 output                                  attributes/
section   page    origin      length       input sections
--------  ----  ----------  ----------   ----------------
.init_array 
*          0    0000c000    00000000     UNINITIALIZED

.data      0    00000200    00000050     UNINITIALIZED
                  00000200    00000050     main.obj (.data)

.TI.persistent 
*          0    00000200    00000000     UNINITIALIZED

.bss       0    00000250    00000024     UNINITIALIZED
                  00000250    00000004     (.common:OFF)
                  00000254    00000004     (.common:PCOMP)
                  00000258    00000004     (.common:SENS)
                  0000025c    00000004     (.common:TEMP)
                  00000260    00000004     (.common:TEMPCOMP)
                  00000264    00000004     (.common:TEMPREAL)
                  00000268    00000004     (.common:UT1)
                  0000026c    00000004     (.common:dT)
                  00000270    00000004     (.common:dT2)

.stack     0    000003b0    00000050     UNINITIALIZED
                  000003b0    00000002     rts430_eabi.lib : boot.obj (.stack)
                  000003b2    0000004e     --HOLE--

.text      0    0000c000    000008c4     
                  0000c000    0000027a     main.obj (.text:readData)
                  0000c27a    00000230     main.obj (.text:readCalibration)
                  0000c4aa    0000005e     rts430_eabi.lib : copy_decompress_rle.obj (.text:__TI_decompress_rle_core)
                  0000c508    0000005e                     : autoinit.obj (.text:_auto_init)
                  0000c566    0000005c                     : lsr32.obj (.text:l_lsr_const)
                  0000c5c2    00000058                     : div32u.obj (.text)
                  0000c61a    00000050     main.obj (.text:main)
                  0000c66a    0000004c     main.obj (.text:spiSetDataMode)
                  0000c6b6    0000004a     rts430_eabi.lib : fs_ltof.obj (.text)
                  0000c700    00000040                     : div32s.obj (.text)
                  0000c740    0000003e                     : asr32.obj (.text:l_asr_const)
                  0000c77e    0000003e                     : lsl32.obj (.text:l_lsl_const)
                  0000c7bc    0000002c                     : lsl16.obj (.text)
                  0000c7e8    00000026                     : mult32.obj (.text)
                  0000c80e    00000020     main.obj (.text:resetsensor)
                  0000c82e    0000001a     rts430_eabi.lib : boot.obj (.text:_c_int00_noexit)
                  0000c848    00000014                     : copy_zero_init.obj (.text:decompress:ZI:__TI_zero_init)
                  0000c85c    00000012                     : copy_decompress_none.obj (.text:decompress:none:__TI_decompress_none)
                  0000c86e    00000012                     : memcpy.obj (.text:memcpy)
                  0000c880    00000010                     : asr32.obj (.text:l_asr)
                  0000c890    00000010                     : epilog.obj (.text)
                  0000c8a0    00000010     main.obj (.text:spiSendByte)
                  0000c8b0    00000006     rts430_eabi.lib : isr_trap.obj (.text:_isr:__TI_ISR_TRAP)
                  0000c8b6    00000006                     : copy_decompress_rle.obj (.text:decompress:rle24:__TI_decompress_rle24)
                  0000c8bc    00000004                     : pre_init.obj (.text:_system_pre_init)
                  0000c8c0    00000004                     : exit.obj (.text:abort)

.cinit     0    0000c8c4    0000001c     
                  0000c8c4    00000009     (.cinit..data.load) [load image, compression = rle]
                  0000c8cd    00000001     --HOLE-- [fill = 0]
                  0000c8ce    00000006     (__TI_handler_table)
                  0000c8d4    00000004     (.cinit..bss.load) [load image, compression = zero_init]
                  0000c8d8    00000008     (__TI_cinit_table)

TRAPINT    0    0000ffe0    00000002     
                  0000ffe0    00000002     rts430_eabi.lib : int00.obj (.int00)

PORT1      0    0000ffe4    00000002     
                  0000ffe4    00000002     rts430_eabi.lib : int02.obj (.int02)

PORT2      0    0000ffe6    00000002     
                  0000ffe6    00000002     rts430_eabi.lib : int03.obj (.int03)

ADC10      0    0000ffea    00000002     
                  0000ffea    00000002     rts430_eabi.lib : int05.obj (.int05)

USCIAB0TX 
*          0    0000ffec    00000002     
                  0000ffec    00000002     rts430_eabi.lib : int06.obj (.int06)

USCIAB0RX 
*          0    0000ffee    00000002     
                  0000ffee    00000002     rts430_eabi.lib : int07.obj (.int07)

TIMER0_A1 
*          0    0000fff0    00000002     
                  0000fff0    00000002     rts430_eabi.lib : int08.obj (.int08)

TIMER0_A0 
*          0    0000fff2    00000002     
                  0000fff2    00000002     rts430_eabi.lib : int09.obj (.int09)

WDT        0    0000fff4    00000002     
                  0000fff4    00000002     rts430_eabi.lib : int10.obj (.int10)

COMPARATORA 
*          0    0000fff6    00000002     
                  0000fff6    00000002     rts430_eabi.lib : int11.obj (.int11)

TIMER1_A1 
*          0    0000fff8    00000002     
                  0000fff8    00000002     rts430_eabi.lib : int12.obj (.int12)

TIMER1_A0 
*          0    0000fffa    00000002     
                  0000fffa    00000002     rts430_eabi.lib : int13.obj (.int13)

NMI        0    0000fffc    00000002     
                  0000fffc    00000002     rts430_eabi.lib : int14.obj (.int14)

.reset     0    0000fffe    00000002     
                  0000fffe    00000002     rts430_eabi.lib : boot.obj (.reset)


LINKER GENERATED COPY TABLES

__TI_cinit_table @ 0000c8d8 records: 2, size/record: 4, table size: 8
	.data: load addr=0000c8c4, load size=00000009 bytes, run addr=00000200, run size=00000050 bytes, compression=rle
	.bss: load addr=0000c8d4, load size=00000004 bytes, run addr=00000250, run size=00000024 bytes, compression=zero_init


LINKER GENERATED HANDLER TABLE

__TI_handler_table @ 0000c8ce records: 3, size/record: 2, table size: 6
	index: 0, handler: __TI_zero_init
	index: 1, handler: __TI_decompress_rle24
	index: 2, handler: __TI_decompress_none


GLOBAL SYMBOLS: SORTED ALPHABETICALLY BY Name 

address    name
--------   ----
0000004a   ADC10AE0
000001b0   ADC10CTL0
000001b2   ADC10CTL1
00000048   ADC10DTC0
00000049   ADC10DTC1
000001b4   ADC10MEM
000001bc   ADC10SA
00000057   BCSCTL1
00000058   BCSCTL2
00000053   BCSCTL3
0000c8c0   C$$EXIT
00000059   CACTL1
0000005a   CACTL2
000010fb   CALBC1_12MHZ
000010f9   CALBC1_16MHZ
000010ff   CALBC1_1MHZ
000010fd   CALBC1_8MHZ
000010fa   CALDCO_12MHZ
000010f8   CALDCO_16MHZ
000010fe   CALDCO_1MHZ
000010fc   CALDCO_8MHZ
0000005b   CAPD
0000024c   D1
00000240   D2
00000056   DCOCTL
00000128   FCTL1
0000012a   FCTL2
0000012c   FCTL3
00000000   IE1
00000001   IE2
00000002   IFG1
00000003   IFG2
00000250   OFF
00000022   P1DIR
00000025   P1IE
00000024   P1IES
00000023   P1IFG
00000020   P1IN
00000021   P1OUT
00000027   P1REN
00000026   P1SEL
00000041   P1SEL2
0000002a   P2DIR
0000002d   P2IE
0000002c   P2IES
0000002b   P2IFG
00000028   P2IN
00000029   P2OUT
0000002f   P2REN
0000002e   P2SEL
00000042   P2SEL2
0000001a   P3DIR
00000018   P3IN
00000019   P3OUT
00000010   P3REN
0000001b   P3SEL
00000043   P3SEL2
00000254   PCOMP
00000258   SENS
00000172   TA0CCR0
00000174   TA0CCR1
00000176   TA0CCR2
00000162   TA0CCTL0
00000164   TA0CCTL1
00000166   TA0CCTL2
00000160   TA0CTL
0000012e   TA0IV
00000170   TA0R
00000192   TA1CCR0
00000194   TA1CCR1
00000196   TA1CCR2
00000182   TA1CCTL0
00000184   TA1CCTL1
00000186   TA1CCTL2
00000180   TA1CTL
0000011e   TA1IV
00000190   TA1R
0000025c   TEMP
00000260   TEMPCOMP
00000264   TEMPREAL
000010db   TLV_ADC10_1_LEN
000010da   TLV_ADC10_1_TAG
000010c0   TLV_CHECKSUM
000010f7   TLV_DCO_30_LEN
000010f6   TLV_DCO_30_TAG
0000005d   UCA0ABCTL
00000062   UCA0BR0
00000063   UCA0BR1
00000060   UCA0CTL0
00000061   UCA0CTL1
0000005f   UCA0IRRCTL
0000005e   UCA0IRTCTL
00000064   UCA0MCTL
00000066   UCA0RXBUF
00000065   UCA0STAT
00000067   UCA0TXBUF
0000006a   UCB0BR0
0000006b   UCB0BR1
00000068   UCB0CTL0
00000069   UCB0CTL1
0000006c   UCB0I2CIE
00000118   UCB0I2COA
0000011a   UCB0I2CSA
0000006e   UCB0RXBUF
0000006d   UCB0STAT
0000006f   UCB0TXBUF
00000268   UT1
00000120   WDTCTL
00000400   __STACK_END
00000050   __STACK_SIZE
0000c8d8   __TI_CINIT_Base
0000c8e0   __TI_CINIT_Limit
0000c8ce   __TI_Handler_Table_Base
0000c8d4   __TI_Handler_Table_Limit
UNDEFED    __TI_INITARRAY_Base
UNDEFED    __TI_INITARRAY_Limit
0000c8b0   __TI_ISR_TRAP
00000001   __TI_args_main
0000c85c   __TI_decompress_none
0000c8b6   __TI_decompress_rle24
00000001   __TI_exit
0000ffe0   __TI_int00
0000ffe4   __TI_int02
0000ffe6   __TI_int03
0000ffea   __TI_int05
0000ffec   __TI_int06
0000ffee   __TI_int07
0000fff0   __TI_int08
0000fff2   __TI_int09
0000fff4   __TI_int10
0000fff6   __TI_int11
0000fff8   __TI_int12
0000fffa   __TI_int13
0000fffc   __TI_int14
0000c848   __TI_zero_init
ffffffff   __binit__
ffffffff   __c_args__
0000c700   __mspabi_divli
0000c5c2   __mspabi_divul
0000c6b6   __mspabi_fltlif
0000c89c   __mspabi_func_epilog_1
0000c89a   __mspabi_func_epilog_2
0000c898   __mspabi_func_epilog_3
0000c896   __mspabi_func_epilog_4
0000c894   __mspabi_func_epilog_5
0000c892   __mspabi_func_epilog_6
0000c890   __mspabi_func_epilog_7
0000c7e8   __mspabi_mpyl
0000c700   __mspabi_remli
0000c5c2   __mspabi_remul
0000c7bc   __mspabi_slli
0000c7e4   __mspabi_slli_1
0000c7d2   __mspabi_slli_10
0000c7d0   __mspabi_slli_11
0000c7ce   __mspabi_slli_12
0000c7cc   __mspabi_slli_13
0000c7ca   __mspabi_slli_14
0000c7c8   __mspabi_slli_15
0000c7e2   __mspabi_slli_2
0000c7e0   __mspabi_slli_3
0000c7de   __mspabi_slli_4
0000c7dc   __mspabi_slli_5
0000c7da   __mspabi_slli_6
0000c7d8   __mspabi_slli_7
0000c7d6   __mspabi_slli_8
0000c7d4   __mspabi_slli_9
0000c7b6   __mspabi_slll_1
0000c792   __mspabi_slll_10
0000c78e   __mspabi_slll_11
0000c78a   __mspabi_slll_12
0000c786   __mspabi_slll_13
0000c782   __mspabi_slll_14
0000c77e   __mspabi_slll_15
0000c7b2   __mspabi_slll_2
0000c7ae   __mspabi_slll_3
0000c7aa   __mspabi_slll_4
0000c7a6   __mspabi_slll_5
0000c7a2   __mspabi_slll_6
0000c79e   __mspabi_slll_7
0000c79a   __mspabi_slll_8
0000c796   __mspabi_slll_9
0000c880   __mspabi_sral
0000c778   __mspabi_sral_1
0000c754   __mspabi_sral_10
0000c750   __mspabi_sral_11
0000c74c   __mspabi_sral_12
0000c748   __mspabi_sral_13
0000c744   __mspabi_sral_14
0000c740   __mspabi_sral_15
0000c774   __mspabi_sral_2
0000c770   __mspabi_sral_3
0000c76c   __mspabi_sral_4
0000c768   __mspabi_sral_5
0000c764   __mspabi_sral_6
0000c760   __mspabi_sral_7
0000c75c   __mspabi_sral_8
0000c758   __mspabi_sral_9
0000c5ba   __mspabi_srll_1
0000c584   __mspabi_srll_10
0000c57e   __mspabi_srll_11
0000c578   __mspabi_srll_12
0000c572   __mspabi_srll_13
0000c56c   __mspabi_srll_14
0000c566   __mspabi_srll_15
0000c5b4   __mspabi_srll_2
0000c5ae   __mspabi_srll_3
0000c5a8   __mspabi_srll_4
0000c5a2   __mspabi_srll_5
0000c59c   __mspabi_srll_6
0000c596   __mspabi_srll_7
0000c590   __mspabi_srll_8
0000c58a   __mspabi_srll_9
0000c508   _auto_init
0000c82e   _c_int00
0000c82e   _c_int00_noexit
0000fffe   _reset_vector
000003b0   _stack
0000c8bc   _system_pre_init
0000c8c0   abort
ffffffff   binit
00000220   c1
00000224   c2
00000228   c3
0000022c   c4
00000230   c5
00000234   c6
0000026c   dT
00000270   dT2
00000204   inbyte1
0000020c   inbyte2
00000214   inbyte3
0000021c   inbyte4
0000c61a   main
0000c86e   memcpy
00000248   presLSB
00000244   presMSB
0000c27a   readCalibration
0000c000   readData
0000c80e   resetsensor
00000200   result1
00000208   result2
00000210   result3
00000218   result4
0000c8a0   spiSendByte
0000c66a   spiSetDataMode
0000023c   tempLSB
00000238   tempMSB


GLOBAL SYMBOLS: SORTED BY Symbol Address 

address    name
--------   ----
00000000   IE1
00000001   IE2
00000001   __TI_args_main
00000001   __TI_exit
00000002   IFG1
00000003   IFG2
00000010   P3REN
00000018   P3IN
00000019   P3OUT
0000001a   P3DIR
0000001b   P3SEL
00000020   P1IN
00000021   P1OUT
00000022   P1DIR
00000023   P1IFG
00000024   P1IES
00000025   P1IE
00000026   P1SEL
00000027   P1REN
00000028   P2IN
00000029   P2OUT
0000002a   P2DIR
0000002b   P2IFG
0000002c   P2IES
0000002d   P2IE
0000002e   P2SEL
0000002f   P2REN
00000041   P1SEL2
00000042   P2SEL2
00000043   P3SEL2
00000048   ADC10DTC0
00000049   ADC10DTC1
0000004a   ADC10AE0
00000050   __STACK_SIZE
00000053   BCSCTL3
00000056   DCOCTL
00000057   BCSCTL1
00000058   BCSCTL2
00000059   CACTL1
0000005a   CACTL2
0000005b   CAPD
0000005d   UCA0ABCTL
0000005e   UCA0IRTCTL
0000005f   UCA0IRRCTL
00000060   UCA0CTL0
00000061   UCA0CTL1
00000062   UCA0BR0
00000063   UCA0BR1
00000064   UCA0MCTL
00000065   UCA0STAT
00000066   UCA0RXBUF
00000067   UCA0TXBUF
00000068   UCB0CTL0
00000069   UCB0CTL1
0000006a   UCB0BR0
0000006b   UCB0BR1
0000006c   UCB0I2CIE
0000006d   UCB0STAT
0000006e   UCB0RXBUF
0000006f   UCB0TXBUF
00000118   UCB0I2COA
0000011a   UCB0I2CSA
0000011e   TA1IV
00000120   WDTCTL
00000128   FCTL1
0000012a   FCTL2
0000012c   FCTL3
0000012e   TA0IV
00000160   TA0CTL
00000162   TA0CCTL0
00000164   TA0CCTL1
00000166   TA0CCTL2
00000170   TA0R
00000172   TA0CCR0
00000174   TA0CCR1
00000176   TA0CCR2
00000180   TA1CTL
00000182   TA1CCTL0
00000184   TA1CCTL1
00000186   TA1CCTL2
00000190   TA1R
00000192   TA1CCR0
00000194   TA1CCR1
00000196   TA1CCR2
000001b0   ADC10CTL0
000001b2   ADC10CTL1
000001b4   ADC10MEM
000001bc   ADC10SA
00000200   result1
00000204   inbyte1
00000208   result2
0000020c   inbyte2
00000210   result3
00000214   inbyte3
00000218   result4
0000021c   inbyte4
00000220   c1
00000224   c2
00000228   c3
0000022c   c4
00000230   c5
00000234   c6
00000238   tempMSB
0000023c   tempLSB
00000240   D2
00000244   presMSB
00000248   presLSB
0000024c   D1
00000250   OFF
00000254   PCOMP
00000258   SENS
0000025c   TEMP
00000260   TEMPCOMP
00000264   TEMPREAL
00000268   UT1
0000026c   dT
00000270   dT2
000003b0   _stack
00000400   __STACK_END
000010c0   TLV_CHECKSUM
000010da   TLV_ADC10_1_TAG
000010db   TLV_ADC10_1_LEN
000010f6   TLV_DCO_30_TAG
000010f7   TLV_DCO_30_LEN
000010f8   CALDCO_16MHZ
000010f9   CALBC1_16MHZ
000010fa   CALDCO_12MHZ
000010fb   CALBC1_12MHZ
000010fc   CALDCO_8MHZ
000010fd   CALBC1_8MHZ
000010fe   CALDCO_1MHZ
000010ff   CALBC1_1MHZ
0000c000   readData
0000c27a   readCalibration
0000c508   _auto_init
0000c566   __mspabi_srll_15
0000c56c   __mspabi_srll_14
0000c572   __mspabi_srll_13
0000c578   __mspabi_srll_12
0000c57e   __mspabi_srll_11
0000c584   __mspabi_srll_10
0000c58a   __mspabi_srll_9
0000c590   __mspabi_srll_8
0000c596   __mspabi_srll_7
0000c59c   __mspabi_srll_6
0000c5a2   __mspabi_srll_5
0000c5a8   __mspabi_srll_4
0000c5ae   __mspabi_srll_3
0000c5b4   __mspabi_srll_2
0000c5ba   __mspabi_srll_1
0000c5c2   __mspabi_divul
0000c5c2   __mspabi_remul
0000c61a   main
0000c66a   spiSetDataMode
0000c6b6   __mspabi_fltlif
0000c700   __mspabi_divli
0000c700   __mspabi_remli
0000c740   __mspabi_sral_15
0000c744   __mspabi_sral_14
0000c748   __mspabi_sral_13
0000c74c   __mspabi_sral_12
0000c750   __mspabi_sral_11
0000c754   __mspabi_sral_10
0000c758   __mspabi_sral_9
0000c75c   __mspabi_sral_8
0000c760   __mspabi_sral_7
0000c764   __mspabi_sral_6
0000c768   __mspabi_sral_5
0000c76c   __mspabi_sral_4
0000c770   __mspabi_sral_3
0000c774   __mspabi_sral_2
0000c778   __mspabi_sral_1
0000c77e   __mspabi_slll_15
0000c782   __mspabi_slll_14
0000c786   __mspabi_slll_13
0000c78a   __mspabi_slll_12
0000c78e   __mspabi_slll_11
0000c792   __mspabi_slll_10
0000c796   __mspabi_slll_9
0000c79a   __mspabi_slll_8
0000c79e   __mspabi_slll_7
0000c7a2   __mspabi_slll_6
0000c7a6   __mspabi_slll_5
0000c7aa   __mspabi_slll_4
0000c7ae   __mspabi_slll_3
0000c7b2   __mspabi_slll_2
0000c7b6   __mspabi_slll_1
0000c7bc   __mspabi_slli
0000c7c8   __mspabi_slli_15
0000c7ca   __mspabi_slli_14
0000c7cc   __mspabi_slli_13
0000c7ce   __mspabi_slli_12
0000c7d0   __mspabi_slli_11
0000c7d2   __mspabi_slli_10
0000c7d4   __mspabi_slli_9
0000c7d6   __mspabi_slli_8
0000c7d8   __mspabi_slli_7
0000c7da   __mspabi_slli_6
0000c7dc   __mspabi_slli_5
0000c7de   __mspabi_slli_4
0000c7e0   __mspabi_slli_3
0000c7e2   __mspabi_slli_2
0000c7e4   __mspabi_slli_1
0000c7e8   __mspabi_mpyl
0000c80e   resetsensor
0000c82e   _c_int00
0000c82e   _c_int00_noexit
0000c848   __TI_zero_init
0000c85c   __TI_decompress_none
0000c86e   memcpy
0000c880   __mspabi_sral
0000c890   __mspabi_func_epilog_7
0000c892   __mspabi_func_epilog_6
0000c894   __mspabi_func_epilog_5
0000c896   __mspabi_func_epilog_4
0000c898   __mspabi_func_epilog_3
0000c89a   __mspabi_func_epilog_2
0000c89c   __mspabi_func_epilog_1
0000c8a0   spiSendByte
0000c8b0   __TI_ISR_TRAP
0000c8b6   __TI_decompress_rle24
0000c8bc   _system_pre_init
0000c8c0   C$$EXIT
0000c8c0   abort
0000c8ce   __TI_Handler_Table_Base
0000c8d4   __TI_Handler_Table_Limit
0000c8d8   __TI_CINIT_Base
0000c8e0   __TI_CINIT_Limit
0000ffe0   __TI_int00
0000ffe4   __TI_int02
0000ffe6   __TI_int03
0000ffea   __TI_int05
0000ffec   __TI_int06
0000ffee   __TI_int07
0000fff0   __TI_int08
0000fff2   __TI_int09
0000fff4   __TI_int10
0000fff6   __TI_int11
0000fff8   __TI_int12
0000fffa   __TI_int13
0000fffc   __TI_int14
0000fffe   _reset_vector
ffffffff   __binit__
ffffffff   __c_args__
ffffffff   binit
UNDEFED    __TI_INITARRAY_Base
UNDEFED    __TI_INITARRAY_Limit

[247 symbols]
